// Jest Snapshot v1, https://goo.gl/fbAQLP

exports[`Pagination renders correctly 1`] = `
<div
  className="pagination"
>
  <div
    className="pagination__prev"
  >
    <a
      className="pagination__prev-link"
      href="/page/1"
      rel="prev"
    >
      ← Bài mới
    </a>
  </div>
  <div
    className="pagination__next"
  >
    <a
      className="pagination__next-link"
      href="/page/3"
      rel="next"
    >
      → Bài cũ
    </a>
  </div>
</div>
`;
